 ~/project/rmk/tbknano   master  cargo clean
     Removed 2125 files, 703.4MiB total
 ~/project/rmk/tbknano   master  cargo build --release
   Compiling proc-macro2 v1.0.89
   Compiling unicode-ident v1.0.13
   Compiling syn v1.0.109
   Compiling version_check v0.9.5
   Compiling defmt v0.3.8
   Compiling thiserror v1.0.68
   Compiling defmt-macros v0.3.9
   Compiling bitflags v1.3.2
   Compiling byteorder v1.5.0
   Compiling cortex-m v0.7.7
   Compiling stable_deref_trait v1.2.0
   Compiling critical-section v1.2.0
   Compiling heapless v0.8.0
   Compiling semver-parser v0.7.0
   Compiling futures-sink v0.3.31
   Compiling nb v1.1.0
   Compiling serde v1.0.214
   Compiling futures-core v0.3.31
   Compiling semver v0.9.0
   Compiling hash32 v0.3.1
   Compiling rustc_version v0.2.3
   Compiling nb v0.1.3
   Compiling proc-macro-error-attr v1.0.4
   Compiling proc-macro-error v1.0.4
   Compiling fnv v1.0.7
   Compiling void v1.0.2
   Compiling futures-task v0.3.31
   Compiling pin-project-lite v0.2.15
   Compiling cfg-if v1.0.0
   Compiling pin-utils v0.1.0
   Compiling ident_case v1.0.1
   Compiling futures-util v0.3.31
   Compiling bare-metal v0.2.5
   Compiling embedded-hal v0.2.7
   Compiling semver v1.0.23
   Compiling embedded-io-async v0.6.1
   Compiling vcell v0.1.3
   Compiling volatile-register v0.2.2
   Compiling bitfield v0.13.2
   Compiling embassy-time-driver v0.1.0
   Compiling cortex-m-rt v0.7.5
   Compiling embassy-time-queue-driver v0.1.0
   Compiling quote v1.0.37
   Compiling syn v2.0.87
   Compiling portable-atomic v1.9.0
   Compiling embassy-sync v0.6.0
   Compiling litrs v0.4.1
   Compiling document-features v0.2.10
   Compiling ahash v0.8.11
   Compiling az v1.2.1
   Compiling rustc_version v0.4.1
   Compiling embedded-hal-async v1.0.0
   Compiling shlex v1.3.0
   Compiling memchr v2.7.4
   Compiling embedded-storage v0.3.1
   Compiling typenum v1.17.0
   Compiling strsim v0.11.1
   Compiling once_cell v1.20.2
   Compiling autocfg v1.4.0
   Compiling darling_core v0.20.10
   Compiling thiserror-impl v1.0.68
   Compiling serde_derive v1.0.214
   Compiling num-traits v0.2.19
   Compiling cortex-m-rt-macros v0.7.5
   Compiling aho-corasick v1.1.3
   Compiling embedded-storage-async v0.4.1
   Compiling cc v1.1.36
   Compiling libc v0.2.161
   Compiling hashbrown v0.15.1
   Compiling fixed v1.28.0
   Compiling zerocopy v0.7.35
   Compiling regex-syntax v0.8.5
   Compiling strsim v0.10.0
   Compiling pkg-config v0.3.31
   Compiling equivalent v1.0.1
   Compiling nrf52840-pac v0.12.2
   Compiling lzma-sys v0.1.20
   Compiling indexmap v2.6.0
   Compiling regex-automata v0.4.8
   Compiling darling_core v0.13.4
   Compiling darling_macro v0.20.10
   Compiling defmt-parser v0.3.4
   Compiling half v2.4.1
   Compiling bytemuck v1.19.0
   Compiling winnow v0.6.20
   Compiling embassy-hal-internal v0.2.0
   Compiling bitfield v0.14.0
   Compiling usbd-hid-descriptors v0.8.2
   Compiling darling_macro v0.13.4
   Compiling regex v1.11.1
   Compiling darling v0.20.10
   Compiling hashbrown v0.13.2
   Compiling heapless v0.7.17
   Compiling prettyplease v0.2.25
   Compiling lazy_static v1.5.0
   Compiling encode_unicode v0.3.6
   Compiling embassy-sync v0.5.0
   Compiling log v0.4.22
   Compiling Inflector v0.11.4
   Compiling ssmarshal v1.0.0
   Compiling toml_datetime v0.6.8
   Compiling serde_spanned v0.6.8
   Compiling toml_edit v0.22.22
   Compiling usbd-hid-macros v0.8.2
   Compiling darling v0.13.4
   Compiling toml v0.8.19
   Compiling embedded-io v0.6.1
   Compiling embassy-futures v0.1.1
   Compiling embedded-hal v1.0.0
   Compiling embassy-usb-driver v0.1.0
   Compiling embassy-time v0.3.2
   Compiling usb-device v0.3.2
   Compiling const-gen-derive v1.1.6
   Compiling embassy-embedded-hal v0.2.0
   Compiling num_enum_derive v0.7.3
   Compiling embassy-executor v0.6.2
   Compiling futures-channel v0.3.31
   Compiling hash32 v0.2.1
   Compiling uuid v1.11.0
   Compiling bitflags v2.6.0
   Compiling embassy-net-driver v0.2.0
   Compiling futures-io v0.3.31
   Compiling embassy-usb v0.3.0
   Compiling rand_core v0.6.4
   Compiling futures v0.3.31
   Compiling embassy-net-driver-channel v0.3.0
   Compiling rmk-config v0.2.0 (https://github.com/HaoboGu/rmk?branch=feat/usb_ble_switch#149c7f79)
   Compiling const-gen v1.6.5
   Compiling xz2 v0.1.7
   Compiling embassy-executor-macros v0.6.2
   Compiling usbd-hid v0.8.2
   Compiling num_enum v0.7.3
   Compiling cargo_toml v0.20.5
   Compiling postcard-derive v0.1.2
   Compiling json v0.12.4
   Compiling defmt-rtt v0.4.1
   Compiling nrf-softdevice-s140 v0.1.2 (https://github.com/embassy-rs/nrf-softdevice?rev=d5f023b#d5f023ba)
   Compiling cobs v0.2.3
   Compiling panic-probe v0.3.2
   Compiling sequential-storage v3.0.1
   Compiling postcard v1.0.10
   Compiling nrf-softdevice-macro v0.1.0 (https://github.com/embassy-rs/nrf-softdevice?rev=d5f023b#d5f023ba)
   Compiling static_cell v2.1.0
   Compiling bitfield-struct v0.9.2
   Compiling rmk-macro v0.3.0 (https://github.com/HaoboGu/rmk?branch=feat/usb_ble_switch#149c7f79)
   Compiling tbknano v0.0.1 (/Users/xinta/project/rmk/tbknano)
   Compiling embassy-nrf v0.2.0
   Compiling nrf-softdevice v0.1.0 (https://github.com/embassy-rs/nrf-softdevice?rev=d5f023b#d5f023ba)
   Compiling rmk v0.4.1 (https://github.com/HaoboGu/rmk?branch=feat/usb_ble_switch#149c7f79)
    Finished `release` profile [optimized + debuginfo] target(s) in 26.83s
 ~/project/rmk/tbknano   master  cargo make uf2 --release
[cargo-make] INFO - cargo make 0.37.23
[cargo-make] INFO -
[cargo-make] INFO - Project: tbknano
[cargo-make] INFO - Build File: Makefile.toml
[cargo-make] INFO - Task: uf2
[cargo-make] INFO - Profile: development
[cargo-make] INFO - Execute Command: "cargo" "install" "--force" "flip-link"
    Updating crates.io index
  Installing flip-link v0.1.9
    Updating crates.io index
     Locking 10 packages to latest compatible versions
      Adding object v0.35.0 (latest: v0.36.5)
      Adding wasi v0.11.0+wasi-snapshot-preview1 (latest: v0.13.3+wasi-0.2.2)
   Compiling libc v0.2.162
   Compiling log v0.4.22
   Compiling memchr v2.7.4
   Compiling cfg-if v1.0.0
   Compiling env_filter v0.1.2
   Compiling env_logger v0.11.5
   Compiling object v0.35.0
   Compiling getrandom v0.2.15
   Compiling flip-link v0.1.9
    Finished `release` profile [optimized] target(s) in 5.29s
   Replacing /Users/xinta/.cargo/bin/flip-link
    Replaced package `flip-link v0.1.9` with `flip-link v0.1.9` (executable `flip-link`)
[cargo-make] INFO - Execute Command: "cargo" "objcopy" "--release" "--bin" "central" "--" "-O" "ihex" "rmk-central.hex"
    Finished `release` profile [optimized + debuginfo] target(s) in 0.08s
[cargo-make] INFO - Execute Command: "python" "scripts/uf2conv.py" "rmk-central.hex" "-c" "-f" "NRF52840" "-o" "rmk-central.uf2"
Converted to uf2, output size: 251392, start address: 0x26000
Wrote 251392 bytes to rmk-central.uf2
[cargo-make] INFO - Execute Command: "cargo" "objcopy" "--release" "--bin" "peripheral" "--" "-O" "ihex" "rmk-peripheral.hex"
    Finished `release` profile [optimized + debuginfo] target(s) in 0.07s
[cargo-make] INFO - Execute Command: "python" "scripts/uf2conv.py" "rmk-peripheral.hex" "-c" "-f" "NRF52840" "-o" "rmk-peripheral.uf2"
Converted to uf2, output size: 57344, start address: 0x26000
Wrote 57344 bytes to rmk-peripheral.uf2
[cargo-make] INFO - Build Done in 6.92 seconds.
